Python 3.6.0 (v3.6.0:41df79263a11, Dec 23 2016, 08:06:12) [MSC v.1900 64 bit (AMD64)] on win32
Type "copyright", "credits" or "license()" for more information.
>>> 
========== RESTART: D:\workspace\LA\assignment 2\Problem2\test2.py ==========
1 Eigen Values are Repeating
Obtained Eigen Vectors are Orthogonal
1.0 0.0 0.0 0.0 0.0 
0.0 0.71 0.0 0.0 0.0 
0.0 0.0 0.58 0.0 0.0 
0.0 0.0 0.0 0.5 0.0 
0.0 0.0 0.0 0.0 0.45 
>>> p.P2_task6()
(9900, 1) (9900,) (100, 1) 100
(9900, 1) (9900,) (100, 1) 2
(9900, 1) (9900,) (100, 1) 3
Traceback (most recent call last):
  File "<pyshell#0>", line 1, in <module>
    p.P2_task6()
  File "D:\workspace\LA\assignment 2\Problem2\test2.py", line 106, in P2_task6
    calc_label=self.K_NN(red_data,red_label,test_data,j)
  File "D:\workspace\LA\assignment 2\Problem2\test2.py", line 132, in K_NN
    diff[j]=np.power(np.linalg.norm(xt-xq),2)
  File "D:\Program Files\python\python36\lib\site-packages\numpy\linalg\linalg.py", line 2347, in norm
    sqnorm = dot(x, x)
KeyboardInterrupt
q
>>> 
========== RESTART: D:\workspace\LA\assignment 2\Problem2\test2.py ==========
1 Eigen Values are Repeating
Obtained Eigen Vectors are Orthogonal
1.0 0.0 0.0 0.0 0.0 
0.0 0.71 0.0 0.0 0.0 
0.0 0.0 0.58 0.0 0.0 
0.0 0.0 0.0 0.5 0.0 
0.0 0.0 0.0 0.0 0.45 
>>> 
========== RESTART: D:\workspace\LA\assignment 2\Problem2\test2.py ==========
1 Eigen Values are Repeating
Obtained Eigen Vectors are Orthogonal
1.0 0.0 0.0 0.0 0.0 
0.0 0.71 0.0 0.0 0.0 
0.0 0.0 0.58 0.0 0.0 
0.0 0.0 0.0 0.5 0.0 
0.0 0.0 0.0 0.0 0.45 
>>> p.P2_task6()
(9900, 1) (9900,) (100, 1) 2
2 1.0
(9900, 1) (9900,) (100, 1) 3
3 1.0
(9900, 1) (9900,) (100, 1) 4
4 1.0
(9900, 1) (9900,) (100, 1) 5
5 1.0
(9900, 2) (9900,) (100, 2) 2
Traceback (most recent call last):
  File "<pyshell#1>", line 1, in <module>
    p.P2_task6()
  File "D:\workspace\LA\assignment 2\Problem2\test2.py", line 106, in P2_task6
    calc_label=self.K_NN(red_data,red_label,test_data,j)
  File "D:\workspace\LA\assignment 2\Problem2\test2.py", line 133, in K_NN
    diff[j]=np.power(np.linalg.norm(xt-xq),2)
  File "D:\Program Files\python\python36\lib\site-packages\numpy\linalg\linalg.py", line 2347, in norm
    sqnorm = dot(x, x)
KeyboardInterrupt
>>> 
========== RESTART: D:\workspace\LA\assignment 2\Problem2\test2.py ==========
1 Eigen Values are Repeating
Obtained Eigen Vectors are Orthogonal
1.0 0.0 0.0 0.0 0.0 
0.0 0.71 0.0 0.0 0.0 
0.0 0.0 0.58 0.0 0.0 
0.0 0.0 0.0 0.5 0.0 
0.0 0.0 0.0 0.0 0.45 
>>> p.P2_task6()
1 (9900, 1) (9900,) (100, 1) 100
(9900, 1) (9900,) (100, 1) 2
2 0.23
(9900, 1) (9900,) (100, 1) 3
3 0.21
(9900, 1) (9900,) (100, 1) 4
4 0.24
(9900, 1) (9900,) (100, 1) 5
5 0.2
2 (9900, 2) (9900,) (100, 2) 100
(9900, 2) (9900,) (100, 2) 2
2 0.33
(9900, 2) (9900,) (100, 2) 3
3 0.27
(9900, 2) (9900,) (100, 2) 4
4 0.25
(9900, 2) (9900,) (100, 2) 5
5 0.26
4 (9900, 4) (9900,) (100, 4) 100
(9900, 4) (9900,) (100, 4) 2
2 0.52
(9900, 4) (9900,) (100, 4) 3
3 0.43
(9900, 4) (9900,) (100, 4) 4
4 0.46
(9900, 4) (9900,) (100, 4) 5
5 0.35
9 (9900, 9) (9900,) (100, 9) 100
(9900, 9) (9900,) (100, 9) 2
2 0.85
(9900, 9) (9900,) (100, 9) 3
3 0.79
(9900, 9) (9900,) (100, 9) 4
4 0.74
(9900, 9) (9900,) (100, 9) 5
5 0.68
19 (9900, 19) (9900,) (100, 19) 100
(9900, 19) (9900,) (100, 19) 2
2 0.94
(9900, 19) (9900,) (100, 19) 3
3 0.87
(9900, 19) (9900,) (100, 19) 4
4 0.78
(9900, 19) (9900,) (100, 19) 5
5 0.76
40 (9900, 40) (9900,) (100, 40) 100
(9900, 40) (9900,) (100, 40) 2
2 0.97
(9900, 40) (9900,) (100, 40) 3
3 0.92
(9900, 40) (9900,) (100, 40) 4
4 0.91
(9900, 40) (9900,) (100, 40) 5
5 0.86
85 (9900, 85) (9900,) (100, 85) 100
(9900, 85) (9900,) (100, 85) 2
2 0.96
(9900, 85) (9900,) (100, 85) 3
3 0.88
(9900, 85) (9900,) (100, 85) 4
4 0.87
(9900, 85) (9900,) (100, 85) 5
5 0.83
178 (9900, 178) (9900,) (100, 178) 100
(9900, 178) (9900,) (100, 178) 2
2 0.96
(9900, 178) (9900,) (100, 178) 3
3 0.87
(9900, 178) (9900,) (100, 178) 4
4 0.85
(9900, 178) (9900,) (100, 178) 5
5 0.81
373 (9900, 373) (9900,) (100, 373) 100
(9900, 373) (9900,) (100, 373) 2
2 0.96
(9900, 373) (9900,) (100, 373) 3
3 0.85
(9900, 373) (9900,) (100, 373) 4
4 0.84
(9900, 373) (9900,) (100, 373) 5
5 0.8
783 (9900, 783) (9900,) (100, 783) 100
(9900, 783) (9900,) (100, 783) 2
2 0.96
(9900, 783) (9900,) (100, 783) 3
3 0.85
(9900, 783) (9900,) (100, 783) 4
4 0.84
(9900, 783) (9900,) (100, 783) 5
5 0.79
{1: {2: 0.23, 3: 0.21, 4: 0.24, 5: 0.2}, 2: {2: 0.33, 3: 0.27, 4: 0.25, 5: 0.26}, 4: {2: 0.52, 3: 0.43, 4: 0.46, 5: 0.35}, 9: {2: 0.85, 3: 0.79, 4: 0.74, 5: 0.68}, 19: {2: 0.94, 3: 0.87, 4: 0.78, 5: 0.76}, 40: {2: 0.97, 3: 0.92, 4: 0.91, 5: 0.86}, 85: {2: 0.96, 3: 0.88, 4: 0.87, 5: 0.83}, 178: {2: 0.96, 3: 0.87, 4: 0.85, 5: 0.81}, 373: {2: 0.96, 3: 0.85, 4: 0.84, 5: 0.8}, 783: {2: 0.96, 3: 0.85, 4: 0.84, 5: 0.79}}
>>> 
========== RESTART: D:\workspace\LA\assignment 2\Problem2\test2.py ==========
1 Eigen Values are Repeating
Obtained Eigen Vectors are Orthogonal
1.0 0.0 0.0 0.0 0.0 
0.0 0.71 0.0 0.0 0.0 
0.0 0.0 0.58 0.0 0.0 
0.0 0.0 0.0 0.5 0.0 
0.0 0.0 0.0 0.0 0.45 
>>> p.P2_task6()
1 (8000, 1) (8000,) (2000, 1) 2000
2 0.2365
3 0.221
Traceback (most recent call last):
  File "<pyshell#3>", line 1, in <module>
    p.P2_task6()
  File "D:\workspace\LA\assignment 2\Problem2\test2.py", line 106, in P2_task6
    calc_label=self.K_NN(red_data,red_label,test_data,j)
  File "D:\workspace\LA\assignment 2\Problem2\test2.py", line 133, in K_NN
    diff[j]=np.power(np.linalg.norm(xt-xq),2)
  File "D:\Program Files\python\python36\lib\site-packages\numpy\linalg\linalg.py", line 2347, in norm
    sqnorm = dot(x, x)
KeyboardInterrupt
>>> 
========== RESTART: D:\workspace\LA\assignment 2\Problem2\test2.py ==========
1 Eigen Values are Repeating
Obtained Eigen Vectors are Orthogonal
1.0 0.0 0.0 0.0 0.0 
0.0 0.71 0.0 0.0 0.0 
0.0 0.0 0.58 0.0 0.0 
0.0 0.0 0.0 0.5 0.0 
0.0 0.0 0.0 0.0 0.45 
>>> p.P2_task6()
1 (8000, 1) (8000,) (2000, 1) 2000
2 0.2365 130.4801321029663 sec
3 0.221 119.51118469238281 sec
4 0.205 118.74525713920593 sec
5 0.193 118.02143597602844 sec
2 (8000, 2) (8000,) (2000, 2) 2000
2 0.396 119.34025025367737 sec
3 0.346 119.62435555458069 sec
4 0.3115 120.62328910827637 sec
5 0.2895 119.92656898498535 sec
4 (8000, 4) (8000,) (2000, 4) 2000
2 0.573 120.0692868232727 sec
3 0.498 120.21333694458008 sec
4 0.4615 120.82476568222046 sec
5 0.405 118.91190099716187 sec
9 (8000, 9) (8000,) (2000, 9) 2000
2 0.891 119.64174914360046 sec
3 0.8305 119.16414618492126 sec
4 0.7915 118.74593830108643 sec
5 0.7455 120.19235706329346 sec
19 (8000, 19) (8000,) (2000, 19) 2000
2 0.9585 120.22631216049194 sec
3 0.917 121.40637826919556 sec
4 0.901 120.03195571899414 sec
5 0.869 120.71574640274048 sec
40 (8000, 40) (8000,) (2000, 40) 2000
2 0.9695 125.59988355636597 sec
3 0.933 126.53349041938782 sec
4 0.9185 130.5440549850464 sec
5 0.889 184.9123227596283 sec
85 (8000, 85) (8000,) (2000, 85) 2000
2 0.967 254.3453266620636 sec
3 0.93 239.5254509449005 sec
4 0.914 336.5545060634613 sec
5 0.889 339.6573600769043 sec
178 (8000, 178) (8000,) (2000, 178) 2000
2 0.966 370.32658338546753 sec
3 0.927 384.71074533462524 sec
4 0.9105 373.77434277534485 sec
5 0.887 378.5661151409149 sec
373 (8000, 373) (8000,) (2000, 373) 2000
2 0.969 409.0175132751465 sec
3 0.926 440.4116599559784 sec
4 0.911 315.2579870223999 sec
5 0.883 225.89464449882507 sec
783 (8000, 783) (8000,) (2000, 783) 2000
2 0.9675 342.8274624347687 sec
3 0.9255 468.60975980758667 sec
4 0.9095 507.8436801433563 sec
5 0.8805 504.7821156978607 sec
{1: {2: 0.2365, 3: 0.221, 4: 0.205, 5: 0.193}, 2: {2: 0.396, 3: 0.346, 4: 0.3115, 5: 0.2895}, 4: {2: 0.573, 3: 0.498, 4: 0.4615, 5: 0.405}, 9: {2: 0.891, 3: 0.8305, 4: 0.7915, 5: 0.7455}, 19: {2: 0.9585, 3: 0.917, 4: 0.901, 5: 0.869}, 40: {2: 0.9695, 3: 0.933, 4: 0.9185, 5: 0.889}, 85: {2: 0.967, 3: 0.93, 4: 0.914, 5: 0.889}, 178: {2: 0.966, 3: 0.927, 4: 0.9105, 5: 0.887}, 373: {2: 0.969, 3: 0.926, 4: 0.911, 5: 0.883}, 783: {2: 0.9675, 3: 0.9255, 4: 0.9095, 5: 0.8805}}
>>> 
